INFO:root:thsi is my very first code for logging 
